[www.Sharonyeunkim.com/index.html]
[backblue.gif]
[fade.gif]
[index.html]
[images.squarespace-cdn.com/content/5fbadc9cb343b8246f822c04/1613975961734-YGYTQ3DNUKRBKAJG3MUN/0_THUMBNAIL2acd.png]
[assets.squarespace.com/@sqs/polyfiller/1.2.2/legacy.js]
[assets.squarespace.com/universal/scripts-compressed/extract-css-runtime-df0bcb3fb161c9761a2a8-min.en-US.js]
[assets.squarespace.com/@sqs/polyfiller/1.2.2/modern.js]
[assets.squarespace.com/universal/scripts-compressed/cldr-resource-pack-a99bfd704f08d86ca2c5f-min.en-US.js]
[assets.squarespace.com/universal/scripts-compressed/common-vendors-stable-1f7107f1c77c3d102a5a3-min.en-US.js]
[assets.squarespace.com/universal/scripts-compressed/extract-css-moment-js-vendor-0c99b8bf7f3dd5358b2f5-min.en-US.js]
[assets.squarespace.com/universal/scripts-compressed/performance-27bdd9973d5746e78e9dc-min.en-US.js]
[static1.squarespace.com/static/sitecss/5fbadc9cb343b8246f822c04/24/55dccafee4b04b8e0d7b6d4d/5fd805c68f52e72873cf9d15/961/site.css]
[images.squarespace-cdn.com/content/v1/5fbadc9cb343b8246f822c04/05c3213c-af05-474b-ae81-cb0e26596a36/iPad+Pro+12.9_+-+19.png]
[assets.squarespace.com/universal/scripts-compressed/common-vendors-698b11fef0dc458732f27-min.en-US.js]
[images.squarespace-cdn.com/content/v1/5fbadc9cb343b8246f822c04/36ee4cc9-7810-407b-a96f-70665f4c633c/Frame+1.png]
[www.Sharonyeunkim.com/onnit.html]
[images.squarespace-cdn.com/content/v1/5fbadc9cb343b8246f822c04/1613886975052-7CEQ8Y7IDP77J75M2F4O/1_ONNIT_Thumbnail.png]
[www.Sharonyeunkim.com/homesfirst.html]
[assets.squarespace.com/universal/scripts-compressed/common-7757d833c93d710bb676d-min.en-US.js]
[images.squarespace-cdn.com/content/v1/5fbadc9cb343b8246f822c04/1613880334387-LFIBIRYSH6URJTUTNT4D/0_THUMBNAIL.png]
[images.squarespace-cdn.com/content/v1/5fbadc9cb343b8246f822c04/1630627980897-ZRSKY3DZYZHQSTD36I6I/iPad+Pro+12.9_+-+32.png]
[www.Sharonyeunkim.com/index.html]
[assets.squarespace.com/universal/images-v6/damask/error-dark.png]
[assets.squarespace.com/universal/images-v6/damask/error-dark@2x.png]
[static1.squarespace.com/static/ta/55dccaa0e4b0f748d9f6f215/961/scripts/site-bundle.js]
[assets.squarespace.com/universal/images-v6/damask/play-button.png]
[assets.squarespace.com/universal/images-v6/damask/play-button@2x.png]
[assets.squarespace.com/universal/images-v6/damask/edit-aviary-light.png]
[assets.squarespace.com/universal/images-v6/damask/edit-aviary-light@2x.png]
[assets.squarespace.com/universal/images-v6/damask/edit-info-light.png]
[assets.squarespace.com/universal/images-v6/damask/edit-info-light@2x.png]
[assets.squarespace.com/universal/images-v6/damask/trash-9-light.png]
[assets.squarespace.com/universal/images-v6/damask/trash-9-light@2x.png]
[assets.squarespace.com/universal/images-v6/damask/trash-9-red.png]
[assets.squarespace.com/universal/images-v6/damask/trash-9-red@2x.png]
[assets.squarespace.com/universal/images-v6/damask/getty-16-light.png]
[assets.squarespace.com/universal/images-v6/damask/getty-32-light.png]
[assets.squarespace.com/universal/images-v6/damask/shopping-cart-16-light.png]
[assets.squarespace.com/universal/images-v6/damask/shopping-cart-32-light.png]
[static1.squarespace.com/universal/images-v6/icons/block-indicator-dark.png]
[static1.squarespace.com/universal/images-v6/icons/block-indicator-dark@2x.png]
[static1.squarespace.com/universal/images-v6/icons/opentable-icons.png]
[static1.squarespace.com/universal/images-v6/icons/icon-searchqueries-20-dark.png]
[static1.squarespace.com/universal/images-v6/icons/icon-searchqueries-20-light.png]
[assets.squarespace.com/universal/images-v6/icons/icon-video-24-light-solid.png]
[static1.squarespace.com/universal/images-v6/damask/image-inside-64-dark.png]
[static1.squarespace.com/universal/images-v6/damask/image-inside-128-dark.png]
[assets.squarespace.com/universal/images-v6/standard/icon_close_7_light.png]
[assets.squarespace.com/universal/images-v6/icons/icon-settings-16-light.png]
[static1.squarespace.com/static/sitecss/5fbadc9cb343b8246f822c04/24/55dccafee4b04b8e0d7b6d4d/5fd805c68f52e72873cf9d15/961/site.css]
[www.Sharonyeunkim.com/assets/ui-icons.svg]
[images.squarespace-cdn.com/content/5fbadc9cb343b8246f822c04/1608104781889-9NSGQZHV18AE6IFT6BYH/Screen_002acd.png]
[images.squarespace-cdn.com/content/v1/5fbadc9cb343b8246f822c04/1610502567895-LS272EQYGC2F4XWE219P/2_Banner.png]
[images.squarespace-cdn.com/content/v1/5fbadc9cb343b8246f822c04/1610506891797-HU1U96TDRXYOXTAQXLVP/1_solution.png]
[images.squarespace-cdn.com/content/v1/5fbadc9cb343b8246f822c04/1610506920368-9LSS4FC6M6HOBSKRMO1F/2_solution.png]
[images.squarespace-cdn.com/content/v1/5fbadc9cb343b8246f822c04/1610507611365-0VXMUBY5MH17VS6L237B/3_solution.png]
[images.squarespace-cdn.com/content/v1/5fbadc9cb343b8246f822c04/1610509628393-UFTC1QUWJ2RHFZQVK66I/image-asset.png]
[images.squarespace-cdn.com/content/v1/5fbadc9cb343b8246f822c04/1613971026481-K3MQINPI1VTV78DZED7Z/AffinityMap.gif]
[images.squarespace-cdn.com/content/v1/5fbadc9cb343b8246f822c04/1608266352802-OHK4DPIUFU7G5TAOU2Q6/iPad+Pro+12.9_+-+11.png]
[images.squarespace-cdn.com/content/v1/5fbadc9cb343b8246f822c04/1620086044997-QFHN1B6H2HZ852O8JG9O/Persona.png]
[images.squarespace-cdn.com/content/v1/5fbadc9cb343b8246f822c04/1612832719316-59XBZV788O97NFQX8BN6/iPad+Pro+12.9_+-+24.png]
[images.squarespace-cdn.com/content/v1/5fbadc9cb343b8246f822c04/1612832765718-KJKCBKF19SH8Z6FVTMLE/iPad+Pro+12.9_+-+28.png]
[images.squarespace-cdn.com/content/v1/5fbadc9cb343b8246f822c04/1612832804376-AFQ37MXRJ8168K8WLDFX/iPad+Pro+12.9_+-+26.png]
[images.squarespace-cdn.com/content/v1/5fbadc9cb343b8246f822c04/1610573736676-HKML65TZC3FS481OHDPH/iPad+Pro+12.9_+-+30.png]
[images.squarespace-cdn.com/content/v1/5fbadc9cb343b8246f822c04/1620086581881-IYHKCRGPYFIVESPTFIAN/STYLE_GUIDE.png]
[images.squarespace-cdn.com/content/v1/5fbadc9cb343b8246f822c04/1617173360536-PVO45P6CO464Y9JYT1B0/0_THUMBNAIL.png]
[www.Sharonyeunkim.com/parsons-student-portal-redesign.html]
[images.squarespace-cdn.com/content/v1/5fbadc9cb343b8246f822c04/1617173505983-QIFHC8RCR57BIJ52F981/Frame+1.png]
[www.Sharonyeunkim.com/onnit.html]
[images.squarespace-cdn.com/content/5fbadc9cb343b8246f822c04/1613153309861-2YXR8WH0JK0JL19BSHWY/iPad+Pro+12.9_+-+192acd.png]
[images.squarespace-cdn.com/content/v1/5fbadc9cb343b8246f822c04/1613745009793-A2CU4F6PBFQI4BWRC5N0/4_CoverFINAL.gif]
[images.squarespace-cdn.com/content/v1/5fbadc9cb343b8246f822c04/1613745410804-QW3E2YSNAELJ9ZHQ1UIP/1_Screen.gif]
[images.squarespace-cdn.com/content/v1/5fbadc9cb343b8246f822c04/1613745734396-J69VFSCKW0BLNDUSCIZ1/2_Screen.gif]
[images.squarespace-cdn.com/content/v1/5fbadc9cb343b8246f822c04/1613746245528-D662LQA5PG58NGQC9XHD/3_Screen.gif]
[images.squarespace-cdn.com/content/v1/5fbadc9cb343b8246f822c04/1614897070224-N5K2D8XDEUC4RNHIHB21/1_shelter.jpg]
[images.squarespace-cdn.com/content/v1/5fbadc9cb343b8246f822c04/1614897070304-AT80MTZC2FC5SBTV10KV/2_shelter.jpg]
[images.squarespace-cdn.com/content/v1/5fbadc9cb343b8246f822c04/1613722016372-94F7M1AF4DO2R6BBROL7/iPad+Pro+12.9_+-+21.png]
[images.squarespace-cdn.com/content/v1/5fbadc9cb343b8246f822c04/1613612760749-15LEZ8BLCH69MDX196EI/JourneyMap.png]
[images.squarespace-cdn.com/content/v1/5fbadc9cb343b8246f822c04/1613860491249-FHRCSD25MC1DVARQGMY8/3_Sketches.jpg]
[images.squarespace-cdn.com/content/v1/5fbadc9cb343b8246f822c04/1613860360112-3CSU20Z2PY2RW3GL96MH/2_Sketches.jpg]
[images.squarespace-cdn.com/content/v1/5fbadc9cb343b8246f822c04/1613860322842-1Z9CFBSZRGE3S0PRNHE3/1_Sketches.jpg]
[images.squarespace-cdn.com/content/v1/5fbadc9cb343b8246f822c04/1614901803317-KI0Y58O84SCBULHJ23IK/iPad+Pro+12.9_+-+20.png]
[www.Sharonyeunkim.com/homesfirst.html]
[www.Sharonyeunkim.com/_https_/www.figma.com/embedde18.html]
[images.squarespace-cdn.com/content/v1/5fbadc9cb343b8246f822c04/1615458018951-D82OYZVDW3YFHSV8OBSW/Frame+10.png]
[images.squarespace-cdn.com/content/v1/5fbadc9cb343b8246f822c04/1615456729918-PCTUWYYOCK30RJB8R3TN/Frame+11.png]
[images.squarespace-cdn.com/content/v1/5fbadc9cb343b8246f822c04/1615460266298-BEJBEFKY4LF5VFXZWWB1/Frame+16.png]
[images.squarespace-cdn.com/content/v1/5fbadc9cb343b8246f822c04/1615442072055-R6CXDDXBGKPOAJB9D31R/Frame+4.png]
[www.Sharonyeunkim.com/parsons-student-portal-redesign.html]
[www.Sharonyeunkim.com/_https_/www.figma.com/embed42d2.html]
[www.Sharonyeunkim.com/_https_/www.figma.com/embed8b24.html]
